[themezhub.net/odex-live/odex/grocery-4.html]
[backblue.gif]
[fade.gif]
[index.html]
[themezhub.net/odex-live/odex/assets/css/styles.css]
[themezhub.net/odex-live/odex/assets/img/grocery-logo.png]
[themezhub.net/odex-live/odex/grocery.html]
[themezhub.net/odex-live/odex/grocery-2.html]
[themezhub.net/odex-live/odex/grocery-3.html]
[themezhub.net/odex-live/odex/woocommerce.html]
[themezhub.net/odex-live/odex/woocommerce-2.html]
[themezhub.net/odex-live/odex/beauty.html]
[themezhub.net/odex-live/odex/organic.html]
[themezhub.net/odex-live/odex/electronics.html]
[themezhub.net/odex-live/odex/digital.html]
[themezhub.net/odex-live/odex/furniture.html]
[themezhub.net/odex-live/odex/search-full-width.html]
[themezhub.net/odex-live/odex/search-list-layout.html]
[themezhub.net/odex-live/odex/4-column.html]
[themezhub.net/odex-live/odex/5-column.html]
[themezhub.net/odex-live/odex/6-column.html]
[themezhub.net/odex-live/odex/search-sidebar.html]
[themezhub.net/odex-live/odex/search-sidebar-2.html]
[themezhub.net/odex-live/odex/search-sidebar-3.html]
[themezhub.net/odex-live/odex/search-sidebar-4.html]
[themezhub.net/odex-live/odex/search-sidebar-5.html]
[themezhub.net/odex-live/odex/search-sidebar-6.html]
[themezhub.net/odex-live/odex/search-sidebar-7.html]
[themezhub.net/odex-live/odex/search-sidebar-8.html]
[themezhub.net/odex-live/odex/detail-1.html]
[themezhub.net/odex-live/odex/detail-3.html]
[themezhub.net/odex-live/odex/detail-4.html]
[themezhub.net/odex-live/odex/detail-5.html]
[themezhub.net/odex-live/odex/detail-6.html]
[themezhub.net/odex-live/odex/vendor.html]
[themezhub.net/odex-live/odex/order.html]
[themezhub.net/odex-live/odex/order-history.html]
[themezhub.net/odex-live/odex/order-tracking.html]
[themezhub.net/odex-live/odex/wishlist.html]
[themezhub.net/odex-live/odex/account-info.html]
[themezhub.net/odex-live/odex/payment-methode.html]
[themezhub.net/odex-live/odex/add-to-cart.html]
[themezhub.net/odex-live/odex/billing.html]
[themezhub.net/odex-live/odex/checkout-complete.html]
[themezhub.net/odex-live/odex/admin-login.html]
[themezhub.net/odex-live/odex/blog.html]
[themezhub.net/odex-live/odex/blog-detail.html]
[themezhub.net/odex-live/odex/about.html]
[themezhub.net/odex-live/odex/contact.html]
[themezhub.net/odex-live/odex/login-signup.html]
[themezhub.net/odex-live/odex/faq.html]
[themezhub.net/odex-live/odex/404.html]
[themezhub.net/odex-live/odex/assets/img/fruits.png]
[themezhub.net/odex-live/odex/assets/img/c-1.png]
[themezhub.net/odex-live/odex/assets/img/c-3.png]
[themezhub.net/odex-live/odex/assets/img/c-12.png]
[themezhub.net/odex-live/odex/assets/img/c-4.png]
[themezhub.net/odex-live/odex/assets/img/c-5.png]
[themezhub.net/odex-live/odex/assets/img/c-6.png]
[themezhub.net/odex-live/odex/assets/img/c-7.png]
[themezhub.net/odex-live/odex/assets/img/c-8.png]
[themezhub.net/odex-live/odex/assets/img/c-9.png]
[themezhub.net/odex-live/odex/assets/img/c-10.png]
[themezhub.net/odex-live/odex/assets/img/c-11.png]
[themezhub.net/odex-live/odex/assets/img/vegetables/1.png]
[themezhub.net/odex-live/odex/assets/img/vegetables/2.png]
[themezhub.net/odex-live/odex/assets/img/vegetables/3.png]
[themezhub.net/odex-live/odex/assets/img/vegetables/4.png]
[themezhub.net/odex-live/odex/assets/img/vegetables/5.png]
[themezhub.net/odex-live/odex/assets/img/vegetables/6.png]
[themezhub.net/odex-live/odex/assets/img/vegetables/7.png]
[themezhub.net/odex-live/odex/assets/img/vegetables/8.png]
[themezhub.net/odex-live/odex/assets/img/gro-trans.png]
[themezhub.net/odex-live/odex/assets/img/naveen-o.png]
[themezhub.net/odex-live/odex/assets/img/rani-o.png]
[themezhub.net/odex-live/odex/assets/img/preet-o.png]
[themezhub.net/odex-live/odex/assets/img/fruits/1.png]
[themezhub.net/odex-live/odex/assets/img/fruits/2.png]
[themezhub.net/odex-live/odex/assets/img/fruits/3.png]
[themezhub.net/odex-live/odex/assets/img/fruits/4.png]
[themezhub.net/odex-live/odex/assets/img/fruits/5.png]
[themezhub.net/odex-live/odex/assets/img/fruits/6.png]
[themezhub.net/odex-live/odex/assets/img/fruits/7.png]
[themezhub.net/odex-live/odex/assets/img/fruits/8.png]
[themezhub.net/odex-live/odex/assets/img/offer-1.jpg]
[themezhub.net/odex-live/odex/assets/img/offer-2.jpg]
[themezhub.net/odex-live/odex/assets/img/offer-3.jpg]
[themezhub.net/odex-live/odex/assets/img/offer-4.jpg]
[themezhub.net/odex-live/odex/assets/img/offer-5.jpg]
[themezhub.net/odex-live/odex/assets/img/offer-6.jpg]
[themezhub.net/odex-live/odex/assets/img/grocery/1.png]
[themezhub.net/odex-live/odex/assets/img/grocery/2.png]
[themezhub.net/odex-live/odex/assets/img/grocery/3.png]
[themezhub.net/odex-live/odex/assets/img/grocery/4.png]
[themezhub.net/odex-live/odex/assets/img/grocery/5.png]
[themezhub.net/odex-live/odex/assets/img/grocery/6.png]
[themezhub.net/odex-live/odex/assets/img/grocery/7.png]
[themezhub.net/odex-live/odex/assets/img/grocery/8.png]
[themezhub.net/odex-live/odex/assets/img/product.jpg]
[themezhub.net/odex-live/odex/assets/img/detail/detail-6.png]
[themezhub.net/odex-live/odex/assets/js/jquery.min.js]
[themezhub.net/odex-live/odex/assets/js/popper.min.js]
[themezhub.net/odex-live/odex/assets/js/bootstrap.min.js]
[themezhub.net/odex-live/odex/assets/js/metisMenu.min.js]
[themezhub.net/odex-live/odex/assets/js/owl-carousel.js]
[themezhub.net/odex-live/odex/assets/js/ion.rangeSlider.min.js]
[themezhub.net/odex-live/odex/assets/js/smoothproducts.js]
[themezhub.net/odex-live/odex/assets/js/jquery-rating.js]
[themezhub.net/odex-live/odex/assets/js/jQuery.style.switcher.js]
[themezhub.net/odex-live/odex/assets/js/custom.js]
[themezhub.net/odex-live/odex/grocery-4.html]
[themezhub.net/odex-live/odex/assets/css/plugins/animation.css]
[themezhub.net/odex-live/odex/assets/css/plugins/bootstrap.min.css]
[themezhub.net/odex-live/odex/assets/css/plugins/light-box.css]
[themezhub.net/odex-live/odex/assets/css/plugins/ion.rangeSlider.min.css]
[themezhub.net/odex-live/odex/assets/css/plugins/owl-carousel.css]
[themezhub.net/odex-live/odex/assets/css/plugins/owl-theme.css]
[themezhub.net/odex-live/odex/assets/css/plugins/themify.css]
[themezhub.net/odex-live/odex/assets/css/plugins/morris.css]
[themezhub.net/odex-live/odex/assets/css/plugins/line-icons.css]
[themezhub.net/odex-live/odex/assets/css/plugins/iconfont.css]
[themezhub.net/odex-live/odex/assets/css/plugins/font-awesome.css]
[themezhub.net/odex-live/odex/assets/css/plugins/flaticon.css]
[themezhub.net/odex-live/odex/assets/img/loader.svg]
[themezhub.net/odex-live/odex/assets/img/features-bg.svg]
[themezhub.net/odex-live/odex/assets/css/styles.css]
[themezhub.net/odex-live/odex/assets/img/favicon.png]
[themezhub.net/odex-live/odex/assets/img/logo-light.png]
[themezhub.net/odex-live/odex/detail-2.html]
[themezhub.net/odex-live/odex/assets/img/side-fruit.png]
[themezhub.net/odex-live/odex/grocery.html]
[themezhub.net/odex-live/odex/assets/img/banner-4.png]
[themezhub.net/odex-live/odex/assets/img/banner-5.png]
[themezhub.net/odex-live/odex/assets/img/banner-6.png]
[themezhub.net/odex-live/odex/grocery-2.html]
[themezhub.net/odex-live/odex/assets/img/middle-banner.jpg]
[themezhub.net/odex-live/odex/grocery-3.html]
[themezhub.net/odex-live/odex/assets/img/fashion-logo.png]
[themezhub.net/odex-live/odex/assets/img/banner-1.jpg]
[themezhub.net/odex-live/odex/assets/img/banner-2.jpg]
[themezhub.net/odex-live/odex/assets/img/banner-3.jpg]
[themezhub.net/odex-live/odex/assets/img/women-2.png]
[themezhub.net/odex-live/odex/shop.html]
[themezhub.net/odex-live/odex/assets/img/men-2.png]
[themezhub.net/odex-live/odex/assets/img/kids-2.png]
[themezhub.net/odex-live/odex/assets/img/women/1.png]
[themezhub.net/odex-live/odex/assets/img/men/2.png]
[themezhub.net/odex-live/odex/assets/img/men/3.png]
[themezhub.net/odex-live/odex/assets/img/women/4.png]
[themezhub.net/odex-live/odex/assets/img/men/5.png]
[themezhub.net/odex-live/odex/assets/img/men/6.png]
[themezhub.net/odex-live/odex/assets/img/women/7.png]
[themezhub.net/odex-live/odex/assets/img/men/8.png]
[themezhub.net/odex-live/odex/assets/img/fashion.png]
[themezhub.net/odex-live/odex/assets/img/men/1.png]
[themezhub.net/odex-live/odex/assets/img/kids/1.png]
[themezhub.net/odex-live/odex/assets/img/women/2.png]
[themezhub.net/odex-live/odex/assets/img/women/3.png]
[themezhub.net/odex-live/odex/assets/img/kids/3.png]
[themezhub.net/odex-live/odex/assets/img/men/4.png]
[themezhub.net/odex-live/odex/assets/img/kids/4.png]
[themezhub.net/odex-live/odex/assets/img/women/5.png]
[themezhub.net/odex-live/odex/assets/img/kids/5.png]
[themezhub.net/odex-live/odex/assets/img/women/6.png]
[themezhub.net/odex-live/odex/assets/img/men/7.png]
[themezhub.net/odex-live/odex/assets/img/women/8.png]
[themezhub.net/odex-live/odex/assets/img/men/9.png]
[themezhub.net/odex-live/odex/assets/img/women/9.png]
[themezhub.net/odex-live/odex/assets/img/detail/detail-1.png]
[themezhub.net/odex-live/odex/woocommerce.html]
[themezhub.net/odex-live/odex/assets/img/elec-logo.png]
[themezhub.net/odex-live/odex/assets/img/shoes.png]
[themezhub.net/odex-live/odex/assets/img/halter.png]
[themezhub.net/odex-live/odex/assets/img/watches.png]
[themezhub.net/odex-live/odex/woocommerce-2.html]
[themezhub.net/odex-live/odex/assets/img/banner-10.png]
[themezhub.net/odex-live/odex/assets/img/banner-11.png]
[themezhub.net/odex-live/odex/assets/img/banner-12.png]
[themezhub.net/odex-live/odex/assets/img/fashion/a.png]
[themezhub.net/odex-live/odex/assets/img/fashion/b.png]
[themezhub.net/odex-live/odex/assets/img/fashion/c.png]
[themezhub.net/odex-live/odex/assets/img/fashion/d.png]
[themezhub.net/odex-live/odex/assets/img/fashion/e.png]
[themezhub.net/odex-live/odex/assets/img/fashion/f.png]
[themezhub.net/odex-live/odex/assets/img/fashion/g.png]
[themezhub.net/odex-live/odex/assets/img/fashion/h.png]
[themezhub.net/odex-live/odex/assets/img/fashion/j.png]
[themezhub.net/odex-live/odex/assets/img/fashion/k.png]
[themezhub.net/odex-live/odex/assets/img/fashion/l.png]
[themezhub.net/odex-live/odex/assets/img/fashion/1.png]
[themezhub.net/odex-live/odex/assets/img/fashion/2.png]
[themezhub.net/odex-live/odex/assets/img/fashion/3.png]
[themezhub.net/odex-live/odex/assets/img/fashion/4.png]
[themezhub.net/odex-live/odex/assets/img/fashion/5.png]
[themezhub.net/odex-live/odex/assets/img/fashion/6.png]
[themezhub.net/odex-live/odex/assets/img/fashion/7.png]
[themezhub.net/odex-live/odex/assets/img/fashion/8.png]
[themezhub.net/odex-live/odex/assets/img/fashion/9.png]
[themezhub.net/odex-live/odex/assets/img/fashion/10.png]
[themezhub.net/odex-live/odex/assets/img/fashion/11.png]
[themezhub.net/odex-live/odex/assets/img/fashion/12.png]
[themezhub.net/odex-live/odex/assets/img/fashion/13.png]
[themezhub.net/odex-live/odex/assets/img/fashion/14.png]
[themezhub.net/odex-live/odex/assets/img/fashion/15.png]
[themezhub.net/odex-live/odex/beauty.html]
[themezhub.net/odex-live/odex/assets/img/banner-13.jpg]
[themezhub.net/odex-live/odex/assets/img/banner-14.jpg]
[themezhub.net/odex-live/odex/assets/img/banner-15.jpg]
[themezhub.net/odex-live/odex/assets/img/organic/1.png]
[themezhub.net/odex-live/odex/assets/img/organic/2.png]
[themezhub.net/odex-live/odex/assets/img/organic/3.png]
[themezhub.net/odex-live/odex/assets/img/organic/4.png]
[themezhub.net/odex-live/odex/assets/img/organic/5.png]
[themezhub.net/odex-live/odex/assets/img/organic/6.png]
[themezhub.net/odex-live/odex/assets/img/organic/7.png]
[themezhub.net/odex-live/odex/assets/img/organic/8.png]
[themezhub.net/odex-live/odex/assets/img/flower/1.png]
[themezhub.net/odex-live/odex/assets/img/flower/2.png]
[themezhub.net/odex-live/odex/assets/img/flower/3.png]
[themezhub.net/odex-live/odex/assets/img/flower/4.png]
[themezhub.net/odex-live/odex/assets/img/flower/5.png]
[themezhub.net/odex-live/odex/assets/img/flower/6.png]
[themezhub.net/odex-live/odex/assets/img/flower/7.png]
[themezhub.net/odex-live/odex/assets/img/flower/8.png]
[themezhub.net/odex-live/odex/assets/img/organic/11.png]
[themezhub.net/odex-live/odex/assets/img/organic/10.png]
[themezhub.net/odex-live/odex/organic.html]
[themezhub.net/odex-live/odex/assets/img/el-banner-1.png]
[themezhub.net/odex-live/odex/assets/img/el-banner-2.png]
[themezhub.net/odex-live/odex/assets/img/el-banner-3.png]
[themezhub.net/odex-live/odex/assets/img/el-offer-1.png]
[themezhub.net/odex-live/odex/assets/img/el-offer-2.png]
[themezhub.net/odex-live/odex/assets/img/el-offer-3.png]
[themezhub.net/odex-live/odex/assets/img/electronics/a.png]
[themezhub.net/odex-live/odex/assets/img/electronics/b.png]
[themezhub.net/odex-live/odex/assets/img/electronics/c.png]
[themezhub.net/odex-live/odex/assets/img/electronics/d.png]
[themezhub.net/odex-live/odex/assets/img/electronics/e.png]
[themezhub.net/odex-live/odex/assets/img/electronics/f.png]
[themezhub.net/odex-live/odex/assets/img/electronics/g.png]
[themezhub.net/odex-live/odex/assets/img/electronics/h.png]
[themezhub.net/odex-live/odex/assets/img/electronics/i.png]
[themezhub.net/odex-live/odex/assets/img/electronics/j.png]
[themezhub.net/odex-live/odex/assets/img/electronics/k.png]
[themezhub.net/odex-live/odex/assets/img/electronics/l.png]
[themezhub.net/odex-live/odex/assets/img/electronics/1.png]
[themezhub.net/odex-live/odex/assets/img/electronics/2.png]
[themezhub.net/odex-live/odex/assets/img/electronics/3.png]
[themezhub.net/odex-live/odex/assets/img/electronics/4.png]
[themezhub.net/odex-live/odex/assets/img/electronics/5.png]
[themezhub.net/odex-live/odex/assets/img/electronics/6.png]
[themezhub.net/odex-live/odex/assets/img/electronics/7.png]
[themezhub.net/odex-live/odex/assets/img/electronics/8.png]
[themezhub.net/odex-live/odex/assets/img/electronics/9.png]
[themezhub.net/odex-live/odex/assets/img/electronics/10.png]
[themezhub.net/odex-live/odex/assets/img/electronics/28.png]
[themezhub.net/odex-live/odex/assets/img/electronics/12.png]
[themezhub.net/odex-live/odex/assets/img/electronics/13.png]
[themezhub.net/odex-live/odex/assets/img/electronics/14.png]
[themezhub.net/odex-live/odex/assets/img/electronics/15.png]
[themezhub.net/odex-live/odex/assets/img/electronics/16.png]
[themezhub.net/odex-live/odex/assets/img/electronics/17.png]
[themezhub.net/odex-live/odex/assets/img/electronics/18.png]
[themezhub.net/odex-live/odex/assets/img/electronics/19.png]
[themezhub.net/odex-live/odex/assets/img/electronics/26.png]
[themezhub.net/odex-live/odex/assets/img/electronics/21.png]
[themezhub.net/odex-live/odex/assets/img/electronics/22.png]
[themezhub.net/odex-live/odex/assets/img/electronics/23.png]
[themezhub.net/odex-live/odex/assets/img/electronics/24.png]
[themezhub.net/odex-live/odex/assets/img/electronics/27.png]
[themezhub.net/odex-live/odex/electronics.html]
[themezhub.net/odex-live/odex/assets/img/logo.png]
[themezhub.net/odex-live/odex/assets/img/digital-banner.png]
[themezhub.net/odex-live/odex/assets/img/wp.png]
[themezhub.net/odex-live/odex/assets/img/m.png]
[themezhub.net/odex-live/odex/assets/img/s.png]
[themezhub.net/odex-live/odex/assets/img/o.png]
[themezhub.net/odex-live/odex/assets/img/p.png]
[themezhub.net/odex-live/odex/assets/img/z.png]
[themezhub.net/odex-live/odex/assets/img/j.png]
[themezhub.net/odex-live/odex/assets/img/dr.png]
[themezhub.net/odex-live/odex/assets/img/h.png]
[themezhub.net/odex-live/odex/assets/img/u.png]
[themezhub.net/odex-live/odex/assets/img/b.png]
[themezhub.net/odex-live/odex/assets/img/digital-1.png]
[themezhub.net/odex-live/odex/assets/img/digital-2.png]
[themezhub.net/odex-live/odex/assets/img/digital-3.png]
[themezhub.net/odex-live/odex/assets/img/digital-4.png]
[themezhub.net/odex-live/odex/assets/img/digital-5.png]
[themezhub.net/odex-live/odex/assets/img/digital-6.png]
[themezhub.net/odex-live/odex/assets/img/track-record.png]
[themezhub.net/odex-live/odex/assets/img/keyword-research.png]
[themezhub.net/odex-live/odex/assets/img/content-marketing.png]
[themezhub.net/odex-live/odex/digital.html]
[themezhub.net/odex-live/odex/assets/img/furniture-logo.png]
[themezhub.net/odex-live/odex/assets/img/banner-7.png]
[themezhub.net/odex-live/odex/assets/img/banner-8.png]
[themezhub.net/odex-live/odex/assets/img/banner-9.png]
[themezhub.net/odex-live/odex/assets/img/table.png]
[themezhub.net/odex-live/odex/assets/img/bed.png]
[themezhub.net/odex-live/odex/assets/img/chair.png]
[themezhub.net/odex-live/odex/assets/img/sofa.png]
[themezhub.net/odex-live/odex/assets/img/furniture/1.png]
[themezhub.net/odex-live/odex/assets/img/furniture/2.png]
[themezhub.net/odex-live/odex/assets/img/furniture/3.png]
[themezhub.net/odex-live/odex/assets/img/furniture/4.png]
[themezhub.net/odex-live/odex/assets/img/furniture/5.png]
[themezhub.net/odex-live/odex/assets/img/furniture/6.png]
[themezhub.net/odex-live/odex/assets/img/furniture/7.png]
[themezhub.net/odex-live/odex/assets/img/furniture/8.png]
[themezhub.net/odex-live/odex/assets/img/furniture/9.png]
[themezhub.net/odex-live/odex/assets/img/furniture/10.png]
[themezhub.net/odex-live/odex/assets/img/furniture/11.png]
[themezhub.net/odex-live/odex/assets/img/furniture/12.png]
[themezhub.net/odex-live/odex/assets/img/furniture/13.png]
[themezhub.net/odex-live/odex/assets/img/furniture/14.png]
[themezhub.net/odex-live/odex/assets/img/furniture/15.png]
[themezhub.net/odex-live/odex/assets/img/furniture/16.png]
[themezhub.net/odex-live/odex/assets/img/furniture/17.png]
[themezhub.net/odex-live/odex/assets/img/furniture/18.png]
[themezhub.net/odex-live/odex/assets/img/furniture/19.png]
[themezhub.net/odex-live/odex/assets/img/furniture/20.png]
[themezhub.net/odex-live/odex/assets/img/furniture/21.png]
[themezhub.net/odex-live/odex/assets/img/furniture/22.png]
[themezhub.net/odex-live/odex/assets/img/furniture/23.png]
[themezhub.net/odex-live/odex/assets/img/furniture/24.png]
[themezhub.net/odex-live/odex/furniture.html]
[themezhub.net/odex-live/odex/assets/img/min/banner-6.jpg]
[themezhub.net/odex-live/odex/search-full-width.html]
[themezhub.net/odex-live/odex/search-list-layout.html]
[themezhub.net/odex-live/odex/4-column.html]
[themezhub.net/odex-live/odex/5-column.html]
[themezhub.net/odex-live/odex/6-column.html]
[themezhub.net/odex-live/odex/assets/img/min/banner-4.png]
[themezhub.net/odex-live/odex/search-sidebar.html]
[themezhub.net/odex-live/odex/search-sidebar-2.html]
[themezhub.net/odex-live/odex/my-cart.html]
[themezhub.net/odex-live/odex/assets/img/min/banner-7.png]
[themezhub.net/odex-live/odex/search-sidebar-3.html]
[themezhub.net/odex-live/odex/search-sidebar-4.html]
[themezhub.net/odex-live/odex/assets/img/min/banner-2.png]
[themezhub.net/odex-live/odex/search-sidebar-5.html]
[themezhub.net/odex-live/odex/assets/img/min/banner-1.png]
[themezhub.net/odex-live/odex/search-sidebar-6.html]
[themezhub.net/odex-live/odex/assets/img/min/banner-5.png]
[themezhub.net/odex-live/odex/search-sidebar-7.html]
[themezhub.net/odex-live/odex/search-sidebar-8.html]
[themezhub.net/odex-live/odex/assets/img/detail/detail-7.png]
[themezhub.net/odex-live/odex/assets/img/detail/detail-8.png]
[themezhub.net/odex-live/odex/assets/img/detail/detail-9.png]
[themezhub.net/odex-live/odex/assets/img/detail/detail-10.png]
[themezhub.net/odex-live/odex/assets/img/detail/detail-11.png]
[themezhub.net/odex-live/odex/assets/img/user-3.jpg]
[themezhub.net/odex-live/odex/assets/img/user-4.jpg]
[themezhub.net/odex-live/odex/assets/img/user-5.jpg]
[themezhub.net/odex-live/odex/detail-1.html]
[themezhub.net/odex-live/odex/assets/img/detail/detail-2.png]
[themezhub.net/odex-live/odex/assets/img/detail/detail-3.png]
[themezhub.net/odex-live/odex/assets/img/detail/detail-4.png]
[themezhub.net/odex-live/odex/assets/img/detail/detail-5.png]
[themezhub.net/odex-live/odex/detail-3.html]
[themezhub.net/odex-live/odex/assets/img/electronics/25.png]
[themezhub.net/odex-live/odex/detail-4.html]
[themezhub.net/odex-live/odex/assets/img/detail/detail-17.png]
[themezhub.net/odex-live/odex/assets/img/detail/detail-18.png]
[themezhub.net/odex-live/odex/assets/img/detail/detail-19.png]
[themezhub.net/odex-live/odex/assets/img/detail/detail-20.png]
[themezhub.net/odex-live/odex/assets/img/detail/detail-21.png]
[themezhub.net/odex-live/odex/detail-5.html]
[themezhub.net/odex-live/odex/assets/img/vendor.png]
[themezhub.net/odex-live/odex/detail-6.html]
[themezhub.net/odex-live/odex/vendor.html]
[themezhub.net/odex-live/odex/product.html]
[themezhub.net/odex-live/odex/order.html]
[themezhub.net/odex-live/odex/order-history.html]
[themezhub.net/odex-live/odex/order-tracking.html]
[themezhub.net/odex-live/odex/wishlist.html]
[themezhub.net/odex-live/odex/account-info.html]
[themezhub.net/odex-live/odex/assets/img/card.png]
[themezhub.net/odex-live/odex/payment-methode.html]
[themezhub.net/odex-live/odex/add-to-cart.html]
[themezhub.net/odex-live/odex/assets/img/paypal.png]
[themezhub.net/odex-live/odex/billing.html]
[themezhub.net/odex-live/odex/checkout-complete.html]
[themezhub.net/odex-live/odex/register.html]
[themezhub.net/odex-live/odex/admin-login.html]
[themezhub.net/odex-live/odex/assets/img/user-8.jpg]
[themezhub.net/odex-live/odex/assets/img/offer-66.jpg]
[themezhub.net/odex-live/odex/blog.html]
[themezhub.net/odex-live/odex/blog-detail.html]
[themezhub.net/odex-live/odex/assets/img/farmer.png]
[themezhub.net/odex-live/odex/assets/img/l-1.png]
[themezhub.net/odex-live/odex/assets/img/l-2.png]
[themezhub.net/odex-live/odex/assets/img/l-3.png]
[themezhub.net/odex-live/odex/assets/img/l-4.png]
[themezhub.net/odex-live/odex/assets/img/l-5.png]
[themezhub.net/odex-live/odex/assets/img/l-6.png]
[themezhub.net/odex-live/odex/about.html]
[themezhub.net/odex-live/odex/assets/img/us-marker.png]
[themezhub.net/odex-live/odex/assets/img/india-marker.png]
[themezhub.net/odex-live/odex/assets/img/uk-marker.png]
[themezhub.net/odex-live/odex/contact.html]
[themezhub.net/odex-live/odex/login-signup.html]
[themezhub.net/odex-live/odex/faq.html]
[themezhub.net/odex-live/odex/index.html]
[themezhub.net/odex-live/odex/404.html]
[themezhub.net/odex-live/odex/assets/js/jquery.min.js]
[themezhub.net/odex-live/odex/assets/js/popper.min.js]
[themezhub.net/odex-live/odex/assets/js/bootstrap.min.js]
[themezhub.net/odex-live/odex/assets/js/metisMenu.min.js]
[themezhub.net/odex-live/odex/assets/js/owl-carousel.js]
[themezhub.net/odex-live/odex/assets/js/ion.rangeSlider.min.js]
[themezhub.net/odex-live/odex/assets/js/smoothproducts.js]
[themezhub.net/odex-live/odex/assets/js/jquery-rating.js]
[themezhub.net/odex-live/odex/assets/js/jQuery.style.switcher.js]
[themezhub.net/odex-live/odex/assets/js/custom.js]
[themezhub.net/odex-live/odex/assets/css/plugins/animation.css]
[themezhub.net/odex-live/odex/assets/css/plugins/bootstrap.min.css]
[themezhub.net/odex-live/odex/assets/css/img/loading.gif]
[themezhub.net/odex-live/odex/assets/css/plugins/light-box.css]
[themezhub.net/odex-live/odex/assets/css/plugins/ion.rangeSlider.min.css]
[themezhub.net/odex-live/odex/assets/css/plugins/owl.video.play.png]
[themezhub.net/odex-live/odex/assets/css/plugins/owl-carousel.css]
[themezhub.net/odex-live/odex/assets/css/plugins/owl-theme.css]
[themezhub.net/odex-live/odex/assets/css/fonts/themify9f24.eot]
[themezhub.net/odex-live/odex/assets/css/fonts/themifyd41d.eot]
[themezhub.net/odex-live/odex/assets/css/fonts/themify9f24.woff]
[themezhub.net/odex-live/odex/assets/css/fonts/themify9f24.ttf]
[themezhub.net/odex-live/odex/assets/css/plugins/themify.css]
[themezhub.net/odex-live/odex/assets/css/plugins/morris.css]
[themezhub.net/odex-live/odex/assets/css/fonts/themify9f24.svg]
[themezhub.net/odex-live/odex/assets/css/fonts/LineIcons5594.eot]
[themezhub.net/odex-live/odex/assets/css/fonts/LineIcons5594.ttf]
[themezhub.net/odex-live/odex/assets/css/fonts/LineIcons5594.woff]
[themezhub.net/odex-live/odex/assets/css/plugins/line-icons.css]
[themezhub.net/odex-live/odex/assets/css/fonts/LineIcons5594.svg]
[themezhub.net/odex-live/odex/assets/css/fonts/icofont.woff2]
[themezhub.net/odex-live/odex/assets/css/fonts/icofont.woff]
[themezhub.net/odex-live/odex/assets/css/plugins/iconfont.css]
[themezhub.net/odex-live/odex/assets/css/fonts/fontawesome-webfont.1703e6e.delayed]
[themezhub.net/odex-live/odex/assets/css/fonts/fontawesome-webfontd41d.eot]
[themezhub.net/odex-live/odex/assets/css/fonts/fontawesome-webfont3e6e.woff2]
[themezhub.net/odex-live/odex/assets/css/fonts/fontawesome-webfont3e6e.woff]
[themezhub.net/odex-live/odex/assets/css/fonts/fontawesome-webfont3e6e.ttf]
[themezhub.net/odex-live/odex/assets/css/fonts/fontawesome-webfont3e6e.svg]
[themezhub.net/odex-live/odex/assets/css/fonts/fa-brands-400d41d.eot]
[themezhub.net/odex-live/odex/assets/css/fonts/fa-brands-400.eot]
[themezhub.net/odex-live/odex/assets/css/fonts/fa-brands-400.woff2]
[themezhub.net/odex-live/odex/assets/css/fonts/fa-brands-400.woff]
[themezhub.net/odex-live/odex/assets/css/fonts/fa-brands-400.ttf]
[themezhub.net/odex-live/odex/assets/css/fonts/fa-regular-400.eot]
[themezhub.net/odex-live/odex/assets/css/fonts/fa-brands-400.svg]
[themezhub.net/odex-live/odex/assets/css/fonts/fa-regular-400d41d.eot]
[themezhub.net/odex-live/odex/assets/css/fonts/fa-regular-400.woff2]
[themezhub.net/odex-live/odex/assets/css/fonts/fa-regular-400.woff]
[themezhub.net/odex-live/odex/assets/css/fonts/fa-regular-400.ttf]
[themezhub.net/odex-live/odex/assets/css/fonts/fa-regular-400.svg]
[themezhub.net/odex-live/odex/assets/css/fonts/fa-solid-900d41d.eot]
[themezhub.net/odex-live/odex/assets/css/fonts/fa-solid-900.woff2]
[themezhub.net/odex-live/odex/assets/css/fonts/fa-solid-900.eot]
[themezhub.net/odex-live/odex/assets/css/fonts/fa-solid-900.woff]
[themezhub.net/odex-live/odex/assets/css/fonts/fa-solid-900.ttf]
[themezhub.net/odex-live/odex/assets/css/plugins/font-awesome.css]
[themezhub.net/odex-live/odex/assets/css/fonts/Flaticon.eot]
[themezhub.net/odex-live/odex/assets/css/fonts/fa-solid-900.svg]
[themezhub.net/odex-live/odex/assets/css/fonts/Flaticond41d.eot]
[themezhub.net/odex-live/odex/assets/css/fonts/Flaticon.woff]
[themezhub.net/odex-live/odex/assets/css/fonts/Flaticon.ttf]
[themezhub.net/odex-live/odex/assets/css/fonts/Flaticon.svg]
[themezhub.net/odex-live/odex/assets/css/fonts/houses.eot]
[themezhub.net/odex-live/odex/assets/css/fonts/housesd41d.eot]
[themezhub.net/odex-live/odex/assets/css/fonts/houses.woff]
[themezhub.net/odex-live/odex/assets/css/fonts/houses.ttf]
[themezhub.net/odex-live/odex/assets/css/plugins/flaticon.css]
[themezhub.net/odex-live/odex/assets/img/loader.svg]
[themezhub.net/odex-live/odex/assets/img/features-bg.svg]
[themezhub.net/odex-live/odex/assets/css/fonts/houses.svg]
[themezhub.net/odex-live/odex/assets/img/detail/detail-12.png]
[themezhub.net/odex-live/odex/assets/img/detail/detail-13.png]
[themezhub.net/odex-live/odex/assets/img/detail/detail-14.png]
[themezhub.net/odex-live/odex/assets/img/detail/detail-15.png]
[themezhub.net/odex-live/odex/assets/img/detail/detail-16.png]
[themezhub.net/odex-live/odex/detail-2.html]
[themezhub.net/odex-live/odex/shop.html]
[themezhub.net/odex-live/odex/my-cart.html]
[themezhub.net/odex-live/odex/product.html]
[themezhub.net/odex-live/odex/register.html]
[themezhub.net/odex-live/odex/index.html]
[themezhub.net/odex-live/odex/assets/css/plugins/owl.video.play.html]
[themezhub.net/odex-live/odex/assets/css/fonts/themify9f24.svg]
[themezhub.net/odex-live/odex/assets/css/fonts/LineIcons5594.svg]
[themezhub.net/odex-live/odex/assets/css/fonts/fontawesome-webfont3e6e.html]
[themezhub.net/odex-live/odex/assets/css/fonts/fontawesome-webfontd41d.html]
[themezhub.net/odex-live/odex/assets/css/fonts/fontawesome-webfont3e6e-2.html]
[themezhub.net/odex-live/odex/assets/css/fonts/fontawesome-webfont3e6e-3.html]
[themezhub.net/odex-live/odex/assets/css/fonts/fontawesome-webfont3e6e-4.html]
[themezhub.net/odex-live/odex/assets/css/fonts/fontawesome-webfont3e6e-5.html]
[themezhub.net/odex-live/odex/assets/css/fonts/fa-brands-400.svg]
[themezhub.net/odex-live/odex/assets/css/fonts/fa-regular-400.svg]
[themezhub.net/odex-live/odex/assets/css/fonts/fa-solid-900.svg]
[themezhub.net/odex-live/odex/assets/css/fonts/Flaticon.svg]
[themezhub.net/odex-live/odex/assets/css/fonts/houses.svg]
